테스트입니다. 12329 aa